// Jest Snapshot v1, https://goo.gl/fbAQLP

exports[`NewCardForm that it matches an existing snapshot 1`] = `
<NewCardForm
  addCardCallback={[Function]}
>
  <section
    className="new-card-form"
  >
    <form
      className="form"
      onSubmit={[Function]}
    >
      <div
        className="new-card-form__header"
      >
        NEW CARD FORM
      </div>
      <div
        className="new-card-form__label"
      >
        <label
          htmlFor="text"
        >
          Message 
        </label>
        <input
          name="text"
          onChange={[Function]}
          type="text"
        />
      </div>
      <div
        className="new-card-form__select"
      >
        Emoji
        <select
          name="emoji"
          onChange={[Function]}
        >
          <option
            key="0"
            value="grinning"
          >
            grinning
          </option>
          <option
            key="1"
            value="grimacing"
          >
            grimacing
          </option>
          <option
            key="2"
            value="grin"
          >
            grin
          </option>
          <option
            key="3"
            value="joy"
          >
            joy
          </option>
          <option
            key="4"
            value="rofl"
          >
            rofl
          </option>
          <option
            key="5"
            value="smiley"
          >
            smiley
          </option>
          <option
            key="6"
            value="smile"
          >
            smile
          </option>
          <option
            key="7"
            value="sweat_smile"
          >
            sweat_smile
          </option>
          <option
            key="8"
            value="laughing"
          >
            laughing
          </option>
          <option
            key="9"
            value="innocent"
          >
            innocent
          </option>
          <option
            key="10"
            value="wink"
          >
            wink
          </option>
          <option
            key="11"
            value="blush"
          >
            blush
          </option>
          <option
            key="12"
            value="slightly_smiling_face"
          >
            slightly_smiling_face
          </option>
          <option
            key="13"
            value="upside_down_face"
          >
            upside_down_face
          </option>
          <option
            key="14"
            value="relaxed"
          >
            relaxed
          </option>
          <option
            key="15"
            value="yum"
          >
            yum
          </option>
          <option
            key="16"
            value="relieved"
          >
            relieved
          </option>
          <option
            key="17"
            value="heart_eyes"
          >
            heart_eyes
          </option>
          <option
            key="18"
            value="kissing_heart"
          >
            kissing_heart
          </option>
          <option
            key="19"
            value="kissing"
          >
            kissing
          </option>
          <option
            key="20"
            value="kissing_smiling_eyes"
          >
            kissing_smiling_eyes
          </option>
          <option
            key="21"
            value="kissing_closed_eyes"
          >
            kissing_closed_eyes
          </option>
          <option
            key="22"
            value="stuck_out_tongue_winking_eye"
          >
            stuck_out_tongue_winking_eye
          </option>
          <option
            key="23"
            value="zany"
          >
            zany
          </option>
          <option
            key="24"
            value="raised_eyebrow"
          >
            raised_eyebrow
          </option>
          <option
            key="25"
            value="monocle"
          >
            monocle
          </option>
          <option
            key="26"
            value="stuck_out_tongue_closed_eyes"
          >
            stuck_out_tongue_closed_eyes
          </option>
          <option
            key="27"
            value="stuck_out_tongue"
          >
            stuck_out_tongue
          </option>
          <option
            key="28"
            value="money_mouth_face"
          >
            money_mouth_face
          </option>
          <option
            key="29"
            value="nerd_face"
          >
            nerd_face
          </option>
          <option
            key="30"
            value="sunglasses"
          >
            sunglasses
          </option>
          <option
            key="31"
            value="star_struck"
          >
            star_struck
          </option>
          <option
            key="32"
            value="clown_face"
          >
            clown_face
          </option>
          <option
            key="33"
            value="cowboy_hat_face"
          >
            cowboy_hat_face
          </option>
          <option
            key="34"
            value="hugs"
          >
            hugs
          </option>
          <option
            key="35"
            value="smirk"
          >
            smirk
          </option>
          <option
            key="36"
            value="no_mouth"
          >
            no_mouth
          </option>
          <option
            key="37"
            value="neutral_face"
          >
            neutral_face
          </option>
          <option
            key="38"
            value="expressionless"
          >
            expressionless
          </option>
          <option
            key="39"
            value="unamused"
          >
            unamused
          </option>
          <option
            key="40"
            value="roll_eyes"
          >
            roll_eyes
          </option>
          <option
            key="41"
            value="thinking"
          >
            thinking
          </option>
          <option
            key="42"
            value="lying_face"
          >
            lying_face
          </option>
          <option
            key="43"
            value="hand_over_mouth"
          >
            hand_over_mouth
          </option>
          <option
            key="44"
            value="shushing"
          >
            shushing
          </option>
          <option
            key="45"
            value="symbols_over_mouth"
          >
            symbols_over_mouth
          </option>
          <option
            key="46"
            value="exploding_head"
          >
            exploding_head
          </option>
          <option
            key="47"
            value="flushed"
          >
            flushed
          </option>
          <option
            key="48"
            value="disappointed"
          >
            disappointed
          </option>
          <option
            key="49"
            value="worried"
          >
            worried
          </option>
          <option
            key="50"
            value="angry"
          >
            angry
          </option>
          <option
            key="51"
            value="rage"
          >
            rage
          </option>
          <option
            key="52"
            value="pensive"
          >
            pensive
          </option>
          <option
            key="53"
            value="confused"
          >
            confused
          </option>
          <option
            key="54"
            value="slightly_frowning_face"
          >
            slightly_frowning_face
          </option>
          <option
            key="55"
            value="frowning_face"
          >
            frowning_face
          </option>
          <option
            key="56"
            value="persevere"
          >
            persevere
          </option>
          <option
            key="57"
            value="confounded"
          >
            confounded
          </option>
          <option
            key="58"
            value="tired_face"
          >
            tired_face
          </option>
          <option
            key="59"
            value="weary"
          >
            weary
          </option>
          <option
            key="60"
            value="triumph"
          >
            triumph
          </option>
          <option
            key="61"
            value="open_mouth"
          >
            open_mouth
          </option>
          <option
            key="62"
            value="scream"
          >
            scream
          </option>
          <option
            key="63"
            value="fearful"
          >
            fearful
          </option>
          <option
            key="64"
            value="cold_sweat"
          >
            cold_sweat
          </option>
          <option
            key="65"
            value="hushed"
          >
            hushed
          </option>
          <option
            key="66"
            value="frowning"
          >
            frowning
          </option>
          <option
            key="67"
            value="anguished"
          >
            anguished
          </option>
          <option
            key="68"
            value="cry"
          >
            cry
          </option>
          <option
            key="69"
            value="disappointed_relieved"
          >
            disappointed_relieved
          </option>
          <option
            key="70"
            value="drooling_face"
          >
            drooling_face
          </option>
          <option
            key="71"
            value="sleepy"
          >
            sleepy
          </option>
          <option
            key="72"
            value="sweat"
          >
            sweat
          </option>
          <option
            key="73"
            value="sob"
          >
            sob
          </option>
          <option
            key="74"
            value="dizzy_face"
          >
            dizzy_face
          </option>
          <option
            key="75"
            value="astonished"
          >
            astonished
          </option>
          <option
            key="76"
            value="zipper_mouth_face"
          >
            zipper_mouth_face
          </option>
          <option
            key="77"
            value="nauseated_face"
          >
            nauseated_face
          </option>
          <option
            key="78"
            value="sneezing_face"
          >
            sneezing_face
          </option>
          <option
            key="79"
            value="vomiting"
          >
            vomiting
          </option>
          <option
            key="80"
            value="mask"
          >
            mask
          </option>
          <option
            key="81"
            value="face_with_thermometer"
          >
            face_with_thermometer
          </option>
          <option
            key="82"
            value="face_with_head_bandage"
          >
            face_with_head_bandage
          </option>
          <option
            key="83"
            value="sleeping"
          >
            sleeping
          </option>
          <option
            key="84"
            value="zzz"
          >
            zzz
          </option>
          <option
            key="85"
            value="poop"
          >
            poop
          </option>
          <option
            key="86"
            value="smiling_imp"
          >
            smiling_imp
          </option>
          <option
            key="87"
            value="imp"
          >
            imp
          </option>
          <option
            key="88"
            value="skull"
          >
            skull
          </option>
          <option
            key="89"
            value="ghost"
          >
            ghost
          </option>
          <option
            key="90"
            value="alien"
          >
            alien
          </option>
          <option
            key="91"
            value="robot"
          >
            robot
          </option>
          <option
            key="92"
            value="smiley_cat"
          >
            smiley_cat
          </option>
          <option
            key="93"
            value="smile_cat"
          >
            smile_cat
          </option>
          <option
            key="94"
            value="joy_cat"
          >
            joy_cat
          </option>
          <option
            key="95"
            value="heart_eyes_cat"
          >
            heart_eyes_cat
          </option>
        </select>
      </div>
      <div>
        <input
          className="new-card-form__form-button"
          type="submit"
        />
      </div>
    </form>
  </section>
</NewCardForm>
`;
